// Jest Snapshot v1, https://goo.gl/fbAQLP

exports[`<Main /> should render the heading 1`] = `
<main
  class="c-YRVCq"
>
  <img
    alt="Imagem de um átomo e Remix Boilerplate escrito ao lado."
    class="c-iyMmUv"
    src="img/logo.svg"
  />
  <h1
    class="c-LaDCC"
  >
    Remix Boilerplate
  </h1>
  <h2
    class="c-cXbCXI"
  >
    TypeScript, ReactJS, Remix e Stitches
  </h2>
  <img
    alt="Um desenvolvedor de frente para uma tela com código."
    class="c-eXReRs"
    src="img/hero-illustration.svg"
  />
</main>
`;
